⠶⠶⠶⠶⠶⠶⠶⠶⠶⠶⠶⠶⠶⠶⠶⠶⠶⠶⠶⠶⠶⠶⠶⠶⠶⠶⠶⠶⠶⠶⠶⠶⠶⠶⠶⠶⠶⠶⠶⠶
Run ID: scifact_random_k1
Start time: 2025-12-12 03:26:15
Parameters:
  data: scifact
  noise: random
  retrieve_k: 1
⠶⠶⠶⠶⠶⠶⠶⠶⠶⠶⠶⠶⠶⠶⠶⠶⠶⠶⠶⠶⠶⠶⠶⠶⠶⠶⠶⠶⠶⠶⠶⠶⠶⠶⠶⠶⠶⠶⠶⠶

2025-12-12 03:26:18.149898: E external/local_xla/xla/stream_executor/cuda/cuda_dnn.cc:9261] Unable to register cuDNN factory: Attempting to register factory for plugin cuDNN when one has already been registered
2025-12-12 03:26:18.149933: E external/local_xla/xla/stream_executor/cuda/cuda_fft.cc:607] Unable to register cuFFT factory: Attempting to register factory for plugin cuFFT when one has already been registered
2025-12-12 03:26:18.151033: E external/local_xla/xla/stream_executor/cuda/cuda_blas.cc:1515] Unable to register cuBLAS factory: Attempting to register factory for plugin cuBLAS when one has already been registered
2025-12-12 03:26:18.924242: W tensorflow/compiler/tf2tensorrt/utils/py_utils.cc:38] TF-TRT Warning: Could not find TensorRT
[2025-12-12 03:26:20,524] [INFO] [real_accelerator.py:158:get_accelerator] Setting ds_accelerator to cuda (auto detect)
/home/rick/miniconda3/envs/mvp/lib/python3.10/site-packages/huggingface_hub/file_download.py:1142: FutureWarning: `resume_download` is deprecated and will be removed in version 1.0.0. Downloads always resume when possible. If you want to force a new download, use `force_download=True`.
  warnings.warn(
Input path: ./eval_data/scifact.jsonl
Loading model..
Loading fid model from Jun421/MVP-base
Done! took 3.3023953437805176 second

--------------- Starting Anchor Robustness Test on full dataset ----------------
Mode: Real Distractor Noise (NoisePassages.RANDOM)
  0%|          | 0/300 [00:00<?, ?it/s]  0%|          | 1/300 [00:03<15:39,  3.14s/it]  1%|          | 2/300 [00:05<14:25,  2.90s/it]  1%|          | 3/300 [00:08<14:01,  2.83s/it]  1%|▏         | 4/300 [00:11<13:48,  2.80s/it]  2%|▏         | 5/300 [00:14<13:39,  2.78s/it]  2%|▏         | 6/300 [00:16<13:26,  2.74s/it]  2%|▏         | 7/300 [00:19<13:17,  2.72s/it]  3%|▎         | 8/300 [00:22<13:10,  2.71s/it]  3%|▎         | 9/300 [00:24<13:05,  2.70s/it]  3%|▎         | 10/300 [00:27<13:00,  2.69s/it]  4%|▎         | 11/300 [00:30<12:58,  2.69s/it]  4%|▎         | 11/300 [00:31<13:49,  2.87s/it]
Traceback (most recent call last):
  File "/home/rick/Documents/ir2/MVP/inference/./anchor_robust_test.py", line 498, in <module>
    tester.run_anchor_noise_test_on_dataset()
  File "/home/rick/Documents/ir2/MVP/inference/./anchor_robust_test.py", line 433, in run_anchor_noise_test_on_dataset
    noise_passage_results = self.get_random_distractor_passage_results(instance_idx, count=noise_count)
  File "/home/rick/Documents/ir2/MVP/inference/./anchor_robust_test.py", line 178, in get_random_distractor_passage_results
    passage_results = [
  File "/home/rick/Documents/ir2/MVP/inference/./anchor_robust_test.py", line 179, in <listcomp>
    self.test_file[instance_idx][self.args.firststage_result_key][passage_result_idx]
IndexError: list index out of range

⠶⠶⠶⠶⠶⠶⠶⠶⠶⠶⠶⠶⠶⠶⠶⠶⠶⠶⠶⠶⠶⠶⠶⠶⠶⠶⠶⠶⠶⠶⠶⠶⠶⠶⠶⠶⠶⠶⠶⠶
End time: 2025-12-12 03:26:57
Exit code: 0
⠶⠶⠶⠶⠶⠶⠶⠶⠶⠶⠶⠶⠶⠶⠶⠶⠶⠶⠶⠶⠶⠶⠶⠶⠶⠶⠶⠶⠶⠶⠶⠶⠶⠶⠶⠶⠶⠶⠶⠶
